{
  "stepDefinitions": [],
  "sourceFiles": {},
  "typeNames": {},
  "analyticsProperties": {
    "Connector": "<connector>",
    "ImageRuntimeVersion": "v4.0.30319",
    "SFFile": "Reqnroll.xUnit.ReqnrollPlugin.dll",
    "SFFileVersion": "3.9.40.46609",
    "SFProductVersion": "3.9.40+11b6bbec89",
    "SourcePaths": "0",
    "StepDefinitions": "4",
    "TargetFramework": ".NETCoreApp,Version=v6.0",
    "TypeNames": "0"
  }
}