{
  "stepDefinitions": [],
  "sourceFiles": {},
  "typeNames": {},
  "analyticsProperties": {
    "Connector": "<connector>",
    "ImageRuntimeVersion": "v4.0.30319",
    "SFFile": "Reqnroll.dll",
    "SFFileVersion": "1.0.0",
    "SFProductVersion": "1.0.0+c0877c79ce29cc34ebd04fd85ea035a18b1874b8",
    "SourcePaths": "1",
    "StepDefinitions": "3",
    "TargetFramework": ".NETCoreApp,Version=v6.0",
    "TypeNames": "0"
  }
}