{
  "stepDefinitions": [],
  "sourceFiles": {},
  "typeNames": {},
  "analyticsProperties": {
    "Connector": "<connector>",
    "ImageRuntimeVersion": "v4.0.30319",
    "SFFile": "Reqnroll.dll",
    "SFFileVersion": "3.6.23.34359",
    "SFProductVersion": "3.6.23+3786e457bc",
    "SourcePaths": "1",
    "StepDefinitions": "3",
    "TargetFramework": ".NETCoreApp,Version=v6.0",
    "TypeNames": "0"
  }
}