Left`2[System.Exception,Reqnroll.VisualStudio.ReqnrollConnector.ConnectorOptions]System.InvalidOperationException: Usage: discovery <test-assembly-path> [<config-file-path>]