Left`2[System.Exception,Reqnroll.VisualStudio.ReqnrollConnector.ConnectorOptions]System.ArgumentException: Invalid command: xxx