Right`2[System.Exception,Reqnroll.VisualStudio.ReqnrollConnector.ConnectorOptions]DiscoveryOptions { DebugMode = False, AssemblyFile = C:\git\Reqnroll.VS\Tests\Reqnroll.VisualStudio.ReqnrollConnector.Tests\bin\Debug\net6.0\assembly.dll, ConfigFilePath = None, ConnectorFolder = C:\git\Reqnroll.VS\Tests\Reqnroll.VisualStudio.ReqnrollConnector.Tests\bin\Debug\net6.0, TargetFolder = C:\git\Reqnroll.VS\Tests\Reqnroll.VisualStudio.ReqnrollConnector.Tests\bin\Debug\net6.0 }